// Jest Snapshot v1, https://goo.gl/fbAQLP

exports[`full integration test build providers 1`] = `
"Deploying Stack: hello-deploy
Resources
 ✔ NULL_RESOURCE       test                null_resource.test


Summary: 1 created, 0 updated, 0 destroyed.
"
`;

exports[`full integration test provider functionality references 1`] = `
"{
  \\"//\\": {
    \\"metadata\\": {
      \\"version\\": \\"stubbed\\",
      \\"stackName\\": \\"references\\",
      \\"backend\\": \\"local\\"
    }
  },
  \\"terraform\\": {
    \\"required_providers\\": {
      \\"null\\": {
        \\"version\\": \\" ~> 3.1.0\\",
        \\"source\\": \\"null\\"
      }
    }
  },
  \\"provider\\": {
    \\"null\\": [
      {}
    ]
  },
  \\"resource\\": {
    \\"null_resource\\": {
      \\"test\\": {
        \\"//\\": {
          \\"metadata\\": {
            \\"path\\": \\"references/test\\",
            \\"uniqueId\\": \\"test\\"
          }
        }
      }
    }
  }
}"
`;
